// Jest Snapshot v1, https://goo.gl/fbAQLP

exports[`pruebas en el componente PrimeraApp Debe de mostrar el componente <PrimeraApp/> correctamente 1`] = `
<Fragment>
  <h1>
    Hola, soy Gabriel
  </h1>
  <h2>
    Esto es un parrafo
  </h2>
  <p>
    Soy un subtitulo por defecto (defaultProps)
  </p>
</Fragment>
`;
